2026-07-11T05:47:33Z INF Thank you for trying Cloudflare Tunnel. Doing so, without a Cloudflare account, is a quick way to experiment and try it out. However, be aware that these account-less Tunnels have no uptime guarantee, are subject to the Cloudflare Online Services Terms of Use (https://www.cloudflare.com/website-terms/), and Cloudflare reserves the right to investigate your use of Tunnels for violations of such terms. If you intend to use Tunnels in production you should use a pre-created named tunnel by following: https://developers.cloudflare.com/cloudflare-one/connections/connect-apps
2026-07-11T05:47:33Z INF Requesting new quick Tunnel on trycloudflare.com...
2026-07-11T05:47:36Z INF +--------------------------------------------------------------------------------------------+
2026-07-11T05:47:36Z INF |  Your quick Tunnel has been created! Visit it at (it may take some time to be reachable):  |
2026-07-11T05:47:36Z INF |  https://extraordinary-paul-dependence-flower.trycloudflare.com                            |
2026-07-11T05:47:36Z INF +--------------------------------------------------------------------------------------------+
2026-07-11T05:47:36Z INF Cannot determine default configuration path. No file [config.yml config.yaml] in [~/.cloudflared ~/.cloudflare-warp ~/cloudflare-warp /etc/cloudflared /usr/local/etc/cloudflared]
2026-07-11T05:47:36Z INF Version 2026.6.1 (Checksum 93ca8ea7489dbcda6db162f0255e48641f22c65b90f76b9a96038f50b3754e3f)
2026-07-11T05:47:36Z INF GOOS: android, GOVersion: go1.26.3, GoArch: arm64
2026-07-11T05:47:36Z INF Settings: map[ha-connections:1 p:http2 protocol:http2 url:http://127.0.0.1:8080]
2026-07-11T05:47:36Z INF Autoupdate frequency is set autoupdateFreq=86400000
2026-07-11T05:47:37Z INF Generated Connector ID: 07ebf529-c540-48bf-b28d-f99b46163abd
2026-07-11T05:47:37Z INF Initial protocol http2
2026-07-11T05:47:37Z INF ICMP proxy will use 192.0.0.4 as source for IPv4
2026-07-11T05:47:37Z INF ICMP proxy will use :: as source for IPv6
2026-07-11T05:47:37Z WRN The user running cloudflared process has a GID (group ID) that is not within ping_group_range. You might need to add that user to a group within that range, or instead update the range to encompass a group the user is already in by modifying /proc/sys/net/ipv4/ping_group_range. Otherwise cloudflared will not be able to ping this network error="open /proc/sys/net/ipv4/ping_group_range: permission denied"
2026-07-11T05:47:37Z INF ICMP proxy will use 192.0.0.4 as source for IPv4
2026-07-11T05:47:37Z INF ICMP proxy will use :: as source for IPv6
2026-07-11T05:47:37Z INF Starting metrics server on 127.0.0.1:20241/metrics
2026-07-11T05:47:37Z INF Tunnel connection curve preferences: [X25519MLKEM768 CurveID(65074) CurveP256] connIndex=0 event=0 ip=2606:4700:a8::8
2026-07-11T05:47:47Z INF +----------------------------------------------------------------------------------------------------+
2026-07-11T05:47:47Z INF |                                      CONNECTIVITY PRE-CHECKS                                       |
2026-07-11T05:47:47Z INF +----------------------------------------------------------------------------------------------------+
2026-07-11T05:47:47Z INF |  COMPONENT         TARGET                     STATUS  DETAILS                                      |
2026-07-11T05:47:47Z INF |  DNS Resolution    region1.v2.argotunnel.com  PASS    DNS Resolved successfully                    |
2026-07-11T05:47:47Z INF |  DNS Resolution    region2.v2.argotunnel.com  PASS    DNS Resolved successfully                    |
2026-07-11T05:47:47Z INF |  UDP Connectivity  region1.v2.argotunnel.com  FAIL    QUIC connection failed                       |
2026-07-11T05:47:47Z INF |  UDP Connectivity  region2.v2.argotunnel.com  FAIL    QUIC connection failed                       |
2026-07-11T05:47:47Z INF |  TCP Connectivity  region1.v2.argotunnel.com  PASS    HTTP/2 connection successful                 |
2026-07-11T05:47:47Z INF |  TCP Connectivity  region2.v2.argotunnel.com  FAIL    HTTP/2 connection is blocked or unreachable  |
2026-07-11T05:47:47Z INF |  Cloudflare API    api.cloudflare.com:443     PASS    API is reachable                             |
2026-07-11T05:47:47Z INF |  ERROR: Allow outbound QUIC traffic on port 7844 or use HTTP2.                                     |
2026-07-11T05:47:47Z INF |  ERROR: Allow outbound QUIC traffic on port 7844 or use HTTP2.                                     |
2026-07-11T05:47:47Z INF |  ERROR: Allow outbound TCP on port 7844.                                                           |
2026-07-11T05:47:47Z INF |                                                                                                    |
2026-07-11T05:47:47Z INF |  SUMMARY: Environment has critical failures. cloudflared may not be able to establish a tunnel.    |
2026-07-11T05:47:47Z INF +----------------------------------------------------------------------------------------------------+
2026-07-11T05:47:47Z INF precheck component="DNS Resolution" details="DNS Resolved successfully" run_id=0ea49e98-2b15-4c6b-851b-5f68add150dc status=pass target=region1.v2.argotunnel.com
2026-07-11T05:47:47Z INF precheck component="DNS Resolution" details="DNS Resolved successfully" run_id=0ea49e98-2b15-4c6b-851b-5f68add150dc status=pass target=region2.v2.argotunnel.com
2026-07-11T05:47:47Z INF precheck component="UDP Connectivity" details="QUIC connection failed" run_id=0ea49e98-2b15-4c6b-851b-5f68add150dc status=fail target=region1.v2.argotunnel.com
2026-07-11T05:47:47Z INF precheck component="UDP Connectivity" details="QUIC connection failed" run_id=0ea49e98-2b15-4c6b-851b-5f68add150dc status=fail target=region2.v2.argotunnel.com
2026-07-11T05:47:47Z INF precheck component="TCP Connectivity" details="HTTP/2 connection successful" run_id=0ea49e98-2b15-4c6b-851b-5f68add150dc status=pass target=region1.v2.argotunnel.com
2026-07-11T05:47:47Z INF precheck component="TCP Connectivity" details="HTTP/2 connection is blocked or unreachable" run_id=0ea49e98-2b15-4c6b-851b-5f68add150dc status=fail target=region2.v2.argotunnel.com
2026-07-11T05:47:47Z INF precheck component="Cloudflare API" details="API is reachable" run_id=0ea49e98-2b15-4c6b-851b-5f68add150dc status=pass target=api.cloudflare.com:443
2026-07-11T05:47:47Z INF precheck complete hard_fail=true run_id=0ea49e98-2b15-4c6b-851b-5f68add150dc
2026-07-11T05:47:52Z ERR Unable to establish connection with Cloudflare edge error="DialContext error: dial tcp [2606:4700:a8::8]:7844: i/o timeout" connIndex=0 event=0 ip=2606:4700:a8::8
2026-07-11T05:47:52Z ERR Serve tunnel error error="DialContext error: dial tcp [2606:4700:a8::8]:7844: i/o timeout" connIndex=0 event=0 ip=2606:4700:a8::8
2026-07-11T05:47:52Z INF Retrying connection in up to 2s connIndex=0 event=0 ip=2606:4700:a8::8
2026-07-11T05:47:54Z INF Tunnel connection curve preferences: [X25519MLKEM768 CurveID(65074) CurveP256] connIndex=0 event=0 ip=198.41.200.233
2026-07-11T05:48:09Z ERR Unable to establish connection with Cloudflare edge error="DialContext error: dial tcp 198.41.200.233:7844: i/o timeout" connIndex=0 event=0 ip=198.41.200.233
2026-07-11T05:48:09Z ERR Serve tunnel error error="DialContext error: dial tcp 198.41.200.233:7844: i/o timeout" connIndex=0 event=0 ip=198.41.200.233
2026-07-11T05:48:09Z INF Retrying connection in up to 4s connIndex=0 event=0 ip=198.41.200.233
2026-07-11T05:48:11Z INF Tunnel connection curve preferences: [X25519MLKEM768 CurveID(65074) CurveP256] connIndex=0 event=0 ip=2606:4700:a8::6
